core_cm0plus.h:745:22:NVIC_EnableIRQ	16	static
fsl_clock.h:620:20:CLOCK_SetLpsci0Clock	16	static
fsl_common.h:212:20:EnableIRQ	16	static
fsl_lpsci.h:516:23:LPSCI_ReadByte	16	static
lpsci_interrupt.c:46:6:UART0_IRQHandler	16	static
lpsci_interrupt.c:57:15:crc8	40	static
lpsci_interrupt.c:72:6:delay	24	static
lpsci_interrupt.c:77:6:sendAck	40	static
lpsci_interrupt.c:84:6:closeDoor	24	static
lpsci_interrupt.c:91:6:openDoor	24	static
lpsci_interrupt.c:98:6:motorUp	32	static
lpsci_interrupt.c:105:6:motorDown	32	static
lpsci_interrupt.c:112:6:stopMotor	24	static
lpsci_interrupt.c:119:6:ledOnOff	40	static
lpsci_interrupt.c:126:6:sendFloorToDisplay	24	static
lpsci_interrupt.c:133:9:minFloorFind	8	static
lpsci_interrupt.c:153:6:floorsAndLedsFalse	16	static
lpsci_interrupt.c:195:6:checkForStop	16	static
lpsci_interrupt.c:220:6:stopAndGoCabineProcedure	16	static
lpsci_interrupt.c:247:6:stopCabineProcedure	8	static
lpsci_interrupt.c:261:6:processMessage	8	static
lpsci_interrupt.c:314:6:getInfoFromButtons	16	static
lpsci_interrupt.c:370:5:main	16	static
