core_cm0plus.h:745:22:NVIC_EnableIRQ	16	static
fsl_clock.h:620:20:CLOCK_SetLpsci0Clock	16	static
fsl_common.h:212:20:EnableIRQ	16	static
fsl_lpsci.h:516:23:LPSCI_ReadByte	16	static
lpsci_interrupt.c:80:6:UART0_IRQHandler	16	static
lpsci_interrupt.c:92:15:crc8	40	static
lpsci_interrupt.c:109:6:delay	24	static
lpsci_interrupt.c:114:6:sendAck	24	static
lpsci_interrupt.c:120:6:closeDoor	16	static
lpsci_interrupt.c:125:6:openDoor	16	static
lpsci_interrupt.c:130:6:motorUp	24	static
lpsci_interrupt.c:136:6:motorDown	24	static
lpsci_interrupt.c:141:6:stopMotor	16	static
lpsci_interrupt.c:146:6:ledOnOff	40	static
lpsci_interrupt.c:152:6:sendFloorToDisplay	24	static
lpsci_interrupt.c:158:6:processMessage	8	static
lpsci_interrupt.c:202:6:getInfoFromButtons	8	static
lpsci_interrupt.c:230:5:main	16	static
