core_cm0plus.h:745:22:NVIC_EnableIRQ	16	static
fsl_clock.h:620:20:CLOCK_SetLpsci0Clock	16	static
fsl_common.h:212:20:EnableIRQ	16	static
fsl_lpsci.h:516:23:LPSCI_ReadByte	16	static
lpsci_interrupt.c:78:6:UART0_IRQHandler	16	static
lpsci_interrupt.c:90:15:crc8	40	static
lpsci_interrupt.c:107:6:delay	24	static
lpsci_interrupt.c:112:6:sendAck	24	static
lpsci_interrupt.c:118:6:closeDoor	16	static
lpsci_interrupt.c:125:6:motorDown	24	static
lpsci_interrupt.c:130:6:motorSlowDown	24	static
lpsci_interrupt.c:135:6:stopMotor	16	static
lpsci_interrupt.c:140:6:processMessage	8	static
lpsci_interrupt.c:144:6:getInfoFromButtons	8	static
lpsci_interrupt.c:168:5:main	16	static
