core_cm0plus.h:745:22:NVIC_EnableIRQ	16	static
fsl_clock.h:620:20:CLOCK_SetLpsci0Clock	16	static
fsl_common.h:212:20:EnableIRQ	16	static
fsl_lpsci.h:516:23:LPSCI_ReadByte	16	static
lpsci_interrupt.c:33:6:UART0_IRQHandler	16	static
lpsci_interrupt.c:44:15:crc8	40	static
lpsci_interrupt.c:59:6:delay	24	static
lpsci_interrupt.c:64:6:sendAck	40	static
lpsci_interrupt.c:71:6:closeDoor	24	static
lpsci_interrupt.c:78:6:openDoor	24	static
lpsci_interrupt.c:85:6:motorUp	32	static
lpsci_interrupt.c:92:6:motorDown	32	static
lpsci_interrupt.c:99:6:stopMotor	24	static
lpsci_interrupt.c:106:6:ledOnOff	40	static
lpsci_interrupt.c:113:6:sendFloorToDisplay	24	static
lpsci_interrupt.c:120:6:processMessage	8	static
lpsci_interrupt.c:173:6:getInfoFromButtons	16	static
lpsci_interrupt.c:218:5:main	16	static
